<?xml version="1.0" encoding="UTF-8"?>
<config xmlns="http://www.knime.org/2008/09/XMLConfig" xmlns:xsi="http://www.w3.org/2001/XMLSchema-instance" xsi:schemaLocation="http://www.knime.org/2008/09/XMLConfig http://www.knime.org/XMLConfig_2008_09.xsd" key="test">
    <entry key="label" type="xstring" value="Label"/>
    <entry key="description" type="xstring" value="Enter Description"/>
    <entry key="flowVariableName" type="xstring" value="value-selection"/>
    <entry key="hideInWizard" type="xboolean" value="false"/>
    <entry key="customCSS" type="xstring" value=""/>
    <entry key="required" type="xboolean" value="true"/>
    <entry key="trigger_reexecution" type="xboolean" value="false"/>
    <config key="defaultValue">
        <entry key="column" type="xstring" value=""/>
        <entry key="value" type="xstring" value=""/>
    </config>
    <entry key="columnType" type="xstring" value="All"/>
    <entry key="type" type="xstring" value="Dropdown"/>
    <entry key="limit_number_visible_options" type="xboolean" value="false"/>
    <entry key="number_visible_options" type="xint" value="10"/>
    <entry key="lockColumn" type="xboolean" value="false"/>
    <config key="possibleColumns">
        <entry key="array-size" type="xint" value="0"/>
    </config>
    <config key="colValues"/>
</config>
