{
  "data" : {
    "model" : {
      "label" : "Label",
      "description" : "Enter Description",
      "flowVariableName" : "boolean-input",
      "hideInWizard" : false,
      "customCSS" : "",
      "required" : true,
      "triggerReExecution" : false,
      "booleanNodeParameters" : {
        "defaultValue" : {
          "boolean" : false
        },
        "outputType" : "BOOLEAN"
      }
    }
  },
  "schema" : {
    "type" : "object",
    "properties" : {
      "model" : {
        "type" : "object",
        "properties" : {
          "booleanNodeParameters" : {
            "type" : "object",
            "properties" : {
              "defaultValue" : {
                "type" : "object",
                "properties" : {
                  "boolean" : {
                    "type" : "boolean",
                    "title" : "Default value",
                    "description" : "The value that is selected by default.",
                    "default" : false
                  }
                },
                "default" : {
                  "boolean" : false
                }
              },
              "outputType" : {
                "oneOf" : [ {
                  "const" : "BOOLEAN",
                  "title" : "Boolean"
                }, {
                  "const" : "INTEGER",
                  "title" : "Number (Integer)"
                } ],
                "title" : "Output type",
                "description" : "The type of the output variable.",
                "default" : "BOOLEAN"
              },
              "overwrittenByValueMessage" : {
                "type" : "object"
              }
            },
            "default" : {
              "defaultValue" : {
                "boolean" : false
              },
              "outputType" : "BOOLEAN"
            }
          },
          "customCSS" : {
            "type" : "string",
            "default" : ""
          },
          "description" : {
            "type" : "string",
            "title" : "Description",
            "description" : "Some lines of description that will be shown in the view, for instance by means of a tooltip.",
            "default" : "Enter Description"
          },
          "flowVariableName" : {
            "type" : "string",
            "title" : "Variable name",
            "description" : "The name of the exported flow variable.",
            "default" : "boolean-input"
          },
          "hideInWizard" : {
            "type" : "boolean",
            "default" : false
          },
          "label" : {
            "type" : "string",
            "title" : "Label",
            "description" : "A descriptive label that will be shown in the view.",
            "default" : "Label"
          },
          "required" : {
            "type" : "boolean",
            "default" : true
          },
          "triggerReExecution" : {
            "type" : "boolean",
            "title" : "Re-execution on widget value change",
            "description" : "If selected, the widget emits reactivity events that trigger the re-execution of downstream nodes in a component composite view when its value changes. It allows users to create interactive Data Apps and visualizations.",
            "default" : false
          }
        }
      }
    }
  },
  "ui_schema" : {
    "elements" : [ {
      "label" : "Form Field",
      "type" : "Section",
      "elements" : [ {
        "type" : "Control",
        "scope" : "#/properties/model/properties/label"
      }, {
        "type" : "Control",
        "scope" : "#/properties/model/properties/description"
      } ]
    }, {
      "label" : "Output",
      "type" : "Section",
      "elements" : [ {
        "type" : "Control",
        "id" : "#/properties/model/properties/booleanNodeParameters/properties/overwrittenByValueMessage",
        "options" : {
          "format" : "textMessage"
        },
        "providedOptions" : [ "message" ]
      }, {
        "type" : "Control",
        "scope" : "#/properties/model/properties/booleanNodeParameters/properties/defaultValue/properties/boolean",
        "options" : {
          "format" : "checkbox"
        }
      }, {
        "type" : "Control",
        "scope" : "#/properties/model/properties/flowVariableName",
        "options" : {
          "validation" : {
            "pattern" : {
              "errorMessage" : "The string must start and end with a non-whitespace character.",
              "parameters" : {
                "pattern" : "\\S(.*\\S)?"
              }
            }
          }
        }
      }, {
        "type" : "Control",
        "scope" : "#/properties/model/properties/booleanNodeParameters/properties/outputType",
        "options" : {
          "format" : "valueSwitch"
        }
      } ]
    }, {
      "label" : "Re-execution",
      "type" : "Section",
      "elements" : [ {
        "type" : "Control",
        "scope" : "#/properties/model/properties/triggerReExecution",
        "options" : {
          "format" : "checkbox"
        }
      } ]
    } ]
  },
  "persist" : {
    "type" : "object",
    "properties" : {
      "model" : {
        "type" : "object",
        "properties" : {
          "label" : { },
          "description" : { },
          "flowVariableName" : { },
          "hideInWizard" : { },
          "customCSS" : { },
          "required" : { },
          "triggerReExecution" : {
            "configKey" : "trigger_reexecution"
          },
          "booleanNodeParameters" : {
            "type" : "object",
            "properties" : {
              "overwrittenByValueMessage" : { },
              "defaultValue" : {
                "type" : "object",
                "properties" : {
                  "boolean" : { }
                }
              },
              "outputType" : {
                "configPaths" : [ [ "pushIntVar" ] ]
              }
            },
            "propertiesRoute" : [ ".." ]
          }
        }
      }
    }
  },
  "globalUpdates" : [ {
    "trigger" : {
      "id" : "after-open-dialog"
    },
    "triggerInitially" : true,
    "dependencies" : [ ]
  } ]
}