<?xml version="1.0" encoding="UTF-8"?>
<config xmlns="http://www.knime.org/2008/09/XMLConfig" xmlns:xsi="http://www.w3.org/2001/XMLSchema-instance" xsi:schemaLocation="http://www.knime.org/2008/09/XMLConfig http://www.knime.org/XMLConfig_2008_09.xsd" key="test">
    <entry key="label" type="xstring" value="Label"/>
    <entry key="description" type="xstring" value="Enter Description"/>
    <entry key="flowVariableName" type="xstring" value="integer-slider"/>
    <entry key="parameterName" type="xstring" value="integer-slider"/>
    <entry key="hideInDialog" type="xboolean" value="false"/>
    <entry key="required" type="xboolean" value="true"/>
    <config key="defaultValue">
        <entry key="double" type="xdouble" value="2.0"/>
    </config>
    <entry key="domainColumn" type="xstring" value="column1"/>
    <entry key="useCustomMin" type="xboolean" value="false"/>
    <entry key="customMin" type="xdouble" value="0.0"/>
    <entry key="useCustomMax" type="xboolean" value="false"/>
    <entry key="customMax" type="xdouble" value="5.0"/>
</config>
