{
  "data" : {
    "model" : {
      "label" : "Label",
      "description" : "Enter Description",
      "flowVariableName" : "string-input",
      "hideInWizard" : false,
      "customCSS" : "",
      "required" : true,
      "defaultStringNodeValue" : {
        "defaultValue" : {
          "string" : ""
        }
      },
      "textEditorWithValidationParameters" : {
        "editorType" : "SINGLE_LINE",
        "multilineEditorWidth" : 60,
        "multilineEditorHeight" : 5,
        "validation" : {
          "regex" : "",
          "errorMessage" : ""
        }
      }
    }
  },
  "schema" : {
    "type" : "object",
    "properties" : {
      "model" : {
        "type" : "object",
        "properties" : {
          "customCSS" : {
            "type" : "string",
            "default" : ""
          },
          "defaultStringNodeValue" : {
            "type" : "object",
            "properties" : {
              "defaultValue" : {
                "type" : "object",
                "properties" : {
                  "string" : {
                    "type" : "string",
                    "title" : "Default value",
                    "description" : "Default value for the field. If empty, no default value will be set.",
                    "default" : ""
                  }
                },
                "default" : {
                  "string" : ""
                }
              },
              "overwrittenByValueMessage" : {
                "type" : "object"
              }
            },
            "default" : {
              "defaultValue" : {
                "string" : ""
              }
            }
          },
          "description" : {
            "type" : "string",
            "title" : "Description",
            "description" : "Some lines of description that will be shown in the view, for instance by means of a tooltip.",
            "default" : "Enter Description"
          },
          "flowVariableName" : {
            "type" : "string",
            "title" : "Variable name",
            "description" : "The name of the exported flow variable.",
            "default" : "string-input"
          },
          "hideInWizard" : {
            "type" : "boolean",
            "default" : false
          },
          "label" : {
            "type" : "string",
            "title" : "Label",
            "description" : "A descriptive label that will be shown in the view.",
            "default" : "Label"
          },
          "required" : {
            "type" : "boolean",
            "default" : true
          },
          "textEditorWithValidationParameters" : {
            "type" : "object",
            "properties" : {
              "editorType" : {
                "oneOf" : [ {
                  "const" : "SINGLE_LINE",
                  "title" : "Single-line"
                }, {
                  "const" : "MULTI_LINE",
                  "title" : "Multi-line"
                } ],
                "title" : "Field type",
                "description" : "Choose between single-line or multi-line text input.",
                "default" : "SINGLE_LINE"
              },
              "multilineEditorHeight" : {
                "type" : "integer",
                "format" : "int32",
                "title" : "Field height",
                "description" : "Height of the editor in number of text lines. Multi-line editor only.",
                "default" : 5
              },
              "multilineEditorWidth" : {
                "type" : "integer",
                "format" : "int32",
                "title" : "Field width",
                "description" : "The width of the editor in number of characters per line.",
                "default" : 60
              },
              "validation" : {
                "type" : "object",
                "properties" : {
                  "errorMessage" : {
                    "type" : "string",
                    "title" : "Failure message",
                    "description" : "Message shown if the value is not valid.\n'?' will be replaced by the invalid value.\nSingle-line editor only.\nFailure messages corresponding to common regex patterns are as follows:\n<ul><li><b>Email address</b>: The given input '?' is not a valid email address</li><li><b>URL</b>: The given input '?' is not a valid URL</li><li><b>IPv4</b>: The given input '?' is not a valid IPv4 address</li><li><b>Windows file path</b>: The given input '?' is not a valid Windows path</li></ul>",
                    "default" : ""
                  },
                  "regex" : {
                    "type" : "string",
                    "title" : "Regex pattern",
                    "description" : "Regular expression defining valid values.\nSingle-line editor only.\nCommon regex patterns are as follows:\n<ul><li><b>Email address</b>: ^[0-9a-zA-Z]+([0-9a-zA-Z]*[-._+])*[0-9a-zA-Z]+@[0-9a-zA-Z]+([-.][0-9a-zA-Z]+)*([0-9a-zA-Z]*[.])[a-zA-Z]{2,6}$</li><li><b>URL</b>: ^((f|ht)tps?://(.*@)?|www\\.)[a-zA-Z0-9]([-_.a-zA-Z0-9]*[a-zA-Z0-9])?(:[0-9]+)?(/[^#?\\s]*)?(\\?[^#?\\s]*)?(#.*)?$</li><li><b>IPv4</b>: ^((25[0-5]|2[0-4][0-9]|[01]?[0-9][0-9]?)\\\\.){3}(25[0-5]|2[0-4][0-9]|[01]?[0-9][0-9]?)$</li><li><b>Windows file path</b>: ^((\\\\\\\\[a-zA-Z0-9-]+\\\\[a-zA-Z0-9`~!@#$%^&amp;(){}'._-]+([ ]+[a-zA-Z0-9`~!@#$%^&amp;(){}'._-]+)*)|([a-zA-Z]:))(\\\\[^ \\\\/:*?&quot;&quot;&lt;&gt;|]+([ ]+[^ \\\\/:*?&quot;&quot;&lt;&gt;|]+)*)*\\\\?$</li></ul>",
                    "default" : ""
                  }
                },
                "default" : {
                  "regex" : "",
                  "errorMessage" : ""
                }
              }
            },
            "default" : {
              "editorType" : "SINGLE_LINE",
              "multilineEditorWidth" : 60,
              "multilineEditorHeight" : 5,
              "validation" : {
                "regex" : "",
                "errorMessage" : ""
              }
            }
          }
        }
      }
    }
  },
  "ui_schema" : {
    "elements" : [ {
      "label" : "Form Field",
      "type" : "Section",
      "elements" : [ {
        "type" : "Control",
        "scope" : "#/properties/model/properties/label"
      }, {
        "type" : "Control",
        "scope" : "#/properties/model/properties/description"
      }, {
        "type" : "Control",
        "scope" : "#/properties/model/properties/textEditorWithValidationParameters/properties/editorType",
        "options" : {
          "format" : "valueSwitch"
        }
      }, {
        "type" : "Control",
        "scope" : "#/properties/model/properties/textEditorWithValidationParameters/properties/multilineEditorWidth",
        "options" : {
          "validation" : {
            "max" : {
              "errorMessage" : "The value must not exceed 2147483647.",
              "parameters" : {
                "isExclusive" : false,
                "max" : 2.147483647E9
              }
            },
            "min" : {
              "errorMessage" : "The value must be at least 1.",
              "parameters" : {
                "isExclusive" : false,
                "min" : 1.0
              }
            }
          }
        },
        "rule" : {
          "effect" : "SHOW",
          "condition" : {
            "scope" : "#/properties/model/properties/textEditorWithValidationParameters/properties/editorType",
            "schema" : {
              "oneOf" : [ {
                "const" : "MULTI_LINE"
              } ]
            }
          }
        }
      }, {
        "type" : "Control",
        "scope" : "#/properties/model/properties/textEditorWithValidationParameters/properties/multilineEditorHeight",
        "options" : {
          "validation" : {
            "max" : {
              "errorMessage" : "The value must not exceed 2147483647.",
              "parameters" : {
                "isExclusive" : false,
                "max" : 2.147483647E9
              }
            },
            "min" : {
              "errorMessage" : "The value must be at least 1.",
              "parameters" : {
                "isExclusive" : false,
                "min" : 1.0
              }
            }
          }
        },
        "rule" : {
          "effect" : "SHOW",
          "condition" : {
            "scope" : "#/properties/model/properties/textEditorWithValidationParameters/properties/editorType",
            "schema" : {
              "oneOf" : [ {
                "const" : "MULTI_LINE"
              } ]
            }
          }
        }
      } ]
    }, {
      "label" : "Validation",
      "type" : "Section",
      "rule" : {
        "effect" : "SHOW",
        "condition" : {
          "scope" : "#/properties/model/properties/textEditorWithValidationParameters/properties/editorType",
          "schema" : {
            "oneOf" : [ {
              "const" : "SINGLE_LINE"
            } ]
          }
        }
      },
      "elements" : [ {
        "type" : "Control",
        "scope" : "#/properties/model/properties/textEditorWithValidationParameters/properties/validation/properties/regex"
      }, {
        "type" : "Control",
        "scope" : "#/properties/model/properties/textEditorWithValidationParameters/properties/validation/properties/errorMessage"
      } ]
    }, {
      "label" : "Output",
      "type" : "Section",
      "elements" : [ {
        "type" : "Control",
        "id" : "#/properties/model/properties/defaultStringNodeValue/properties/overwrittenByValueMessage",
        "options" : {
          "format" : "textMessage"
        },
        "providedOptions" : [ "message" ]
      }, {
        "type" : "Control",
        "scope" : "#/properties/model/properties/defaultStringNodeValue/properties/defaultValue/properties/string"
      }, {
        "type" : "Control",
        "scope" : "#/properties/model/properties/flowVariableName",
        "options" : {
          "validation" : {
            "pattern" : {
              "errorMessage" : "Value must start and end with a letter, and may contain only letters, digits, and single dashes.",
              "parameters" : {
                "pattern" : "[A-Za-z]((?:[A-Za-z0-9]|-(?=[A-Za-z0-9]))*[A-Za-z])?"
              }
            }
          }
        }
      } ]
    } ]
  },
  "persist" : {
    "type" : "object",
    "properties" : {
      "model" : {
        "type" : "object",
        "properties" : {
          "label" : { },
          "description" : { },
          "flowVariableName" : { },
          "hideInWizard" : { },
          "customCSS" : { },
          "required" : { },
          "defaultStringNodeValue" : {
            "type" : "object",
            "properties" : {
              "overwrittenByValueMessage" : { },
              "defaultValue" : {
                "type" : "object",
                "properties" : {
                  "string" : { }
                }
              }
            },
            "propertiesRoute" : [ ".." ]
          },
          "textEditorWithValidationParameters" : {
            "type" : "object",
            "properties" : {
              "editorType" : {
                "configPaths" : [ [ "editorType" ] ]
              },
              "multilineEditorWidth" : { },
              "multilineEditorHeight" : { },
              "validation" : {
                "type" : "object",
                "properties" : {
                  "regex" : {
                    "configKey" : "regex"
                  },
                  "errorMessage" : {
                    "configKey" : "error_message"
                  }
                },
                "propertiesRoute" : [ ".." ]
              }
            },
            "propertiesRoute" : [ ".." ]
          }
        }
      }
    }
  },
  "globalUpdates" : [ {
    "trigger" : {
      "id" : "after-open-dialog"
    },
    "triggerInitially" : true,
    "dependencies" : [ ]
  } ]
}