<?xml version="1.0" encoding="UTF-8"?>
<config xmlns="http://www.knime.org/2008/09/XMLConfig" xmlns:xsi="http://www.w3.org/2001/XMLSchema-instance" xsi:schemaLocation="http://www.knime.org/2008/09/XMLConfig http://www.knime.org/XMLConfig_2008_09.xsd" key="test">
    <entry key="label" type="xstring" value="Label"/>
    <entry key="description" type="xstring" value="Enter Description"/>
    <entry key="flowVariableName" type="xstring" value="double-input"/>
    <entry key="hideInWizard" type="xboolean" value="false"/>
    <entry key="customCSS" type="xstring" value=""/>
    <entry key="required" type="xboolean" value="true"/>
    <config key="defaultValue">
        <entry key="double" type="xdouble" value="0.0"/>
    </config>
    <entry key="useMin" type="xboolean" value="false"/>
    <entry key="min" type="xdouble" value="0.0"/>
    <entry key="useMax" type="xboolean" value="false"/>
    <entry key="max" type="xdouble" value="0.0"/>
</config>
