<?xml version="1.0" encoding="UTF-8"?>
<config xmlns="http://www.knime.org/2008/09/XMLConfig" xmlns:xsi="http://www.w3.org/2001/XMLSchema-instance" xsi:schemaLocation="http://www.knime.org/2008/09/XMLConfig http://www.knime.org/XMLConfig_2008_09.xsd" key="test">
    <entry key="label" type="xstring" value="Label"/>
    <entry key="description" type="xstring" value="Enter Description"/>
    <entry key="flowVariableName" type="xstring" value="credentials-input"/>
    <entry key="hideInWizard" type="xboolean" value="false"/>
    <entry key="customCSS" type="xstring" value=""/>
    <entry key="required" type="xboolean" value="true"/>
    <config key="defaultValue">
        <entry key="isSavePassword" type="xboolean" value="false"/>
        <entry key="username" type="xstring" isnull="true" value=""/>
        <entry key="useServerLoginCredentials" type="xboolean" value="false"/>
    </config>
    <entry key="use_server_login" type="xboolean" value="false"/>
    <entry key="no_display" type="xboolean" value="false"/>
    <entry key="prompt_username" type="xboolean" value="true"/>
    <entry key="usernameLabel" type="xstring" value="User"/>
    <entry key="passwordLabel" type="xstring" value="Password"/>
    <entry key="error_message" type="xstring" value=""/>
</config>
