{
  "data" : {
    "model" : {
      "label" : "Label",
      "description" : "Enter Description",
      "flowVariableName" : "integer-input2a",
      "parameterName" : "integer-input2a",
      "hideInDialog" : false,
      "required" : true,
      "integerNodeParameters" : {
        "defaultValue" : {
          "integer" : 3
        },
        "minimumValue" : 2,
        "maximumValue" : null
      }
    }
  },
  "schema" : {
    "type" : "object",
    "properties" : {
      "model" : {
        "type" : "object",
        "properties" : {
          "description" : {
            "type" : "string",
            "title" : "Description",
            "description" : "Some lines of description that will be shown for instance in the node description of the component exposing a dialog.",
            "default" : "Enter Description"
          },
          "flowVariableName" : {
            "type" : "string",
            "title" : "Output variable name",
            "description" : "Parameter identifier for external parameterization (e.g. batch execution).\nThis will also be the name of the exported flow variable.\n",
            "default" : "integer-input"
          },
          "hideInDialog" : {
            "type" : "boolean",
            "title" : "Hide in dialog",
            "description" : "Set this to true to hide this field in a component dialog.\n",
            "default" : false
          },
          "integerNodeParameters" : {
            "type" : "object",
            "properties" : {
              "defaultValue" : {
                "type" : "object",
                "properties" : {
                  "integer" : {
                    "type" : "integer",
                    "format" : "int32",
                    "title" : "Default value",
                    "description" : "The value that is used by default.",
                    "default" : 0
                  }
                },
                "default" : {
                  "integer" : 0
                }
              },
              "maximumValue" : {
                "type" : [ "integer", "null" ],
                "format" : "int32",
                "title" : "Maximum value",
                "description" : "An optional maximum value.",
                "default" : null
              },
              "minimumValue" : {
                "type" : [ "integer", "null" ],
                "format" : "int32",
                "title" : "Minimum value",
                "description" : "An optional minimum value.",
                "default" : null
              },
              "overwrittenByValueMessage" : {
                "type" : "object"
              }
            },
            "default" : {
              "defaultValue" : {
                "integer" : 0
              },
              "minimumValue" : null,
              "maximumValue" : null
            }
          },
          "label" : {
            "type" : "string",
            "title" : "Label",
            "description" : "A descriptive label that will be shown for instance in the node description of the component exposing a dialog.",
            "default" : "Label"
          },
          "parameterName" : {
            "type" : "string",
            "title" : "Parameter name",
            "description" : "Parameter identifier for external parameterization (e.g. batch execution). Whenever the output variable name is adjusted, the current value of the parameter name is set to the same value.",
            "default" : "integer-input"
          },
          "required" : {
            "type" : "boolean",
            "default" : true
          }
        }
      }
    }
  },
  "ui_schema" : {
    "elements" : [ {
      "label" : "Form Field",
      "type" : "Section",
      "elements" : [ {
        "type" : "Control",
        "scope" : "#/properties/model/properties/label"
      }, {
        "type" : "Control",
        "scope" : "#/properties/model/properties/description"
      } ]
    }, {
      "label" : "Validation",
      "type" : "Section",
      "elements" : [ {
        "type" : "Control",
        "scope" : "#/properties/model/properties/integerNodeParameters/properties/minimumValue",
        "options" : {
          "validation" : {
            "max" : {
              "errorMessage" : "The value must not exceed 2147483647.",
              "parameters" : {
                "isExclusive" : false,
                "max" : 2.147483647E9
              }
            },
            "min" : {
              "errorMessage" : "The value must be at least -2147483648.",
              "parameters" : {
                "isExclusive" : false,
                "min" : -2.147483648E9
              }
            }
          },
          "hideOnNull" : true,
          "default" : 0
        }
      }, {
        "type" : "Control",
        "scope" : "#/properties/model/properties/integerNodeParameters/properties/maximumValue",
        "options" : {
          "validation" : {
            "max" : {
              "errorMessage" : "The value must not exceed 2147483647.",
              "parameters" : {
                "isExclusive" : false,
                "max" : 2.147483647E9
              }
            },
            "min" : {
              "errorMessage" : "The value must be at least -2147483648.",
              "parameters" : {
                "isExclusive" : false,
                "min" : -2.147483648E9
              }
            }
          },
          "hideOnNull" : true
        },
        "providedOptions" : [ "default" ]
      } ]
    }, {
      "label" : "Output",
      "type" : "Section",
      "elements" : [ {
        "type" : "Control",
        "id" : "#/properties/model/properties/integerNodeParameters/properties/overwrittenByValueMessage",
        "options" : {
          "format" : "textMessage"
        },
        "providedOptions" : [ "message" ]
      }, {
        "type" : "Control",
        "scope" : "#/properties/model/properties/integerNodeParameters/properties/defaultValue/properties/integer",
        "options" : {
          "validation" : {
            "max" : {
              "errorMessage" : "The value must not exceed 2147483647.",
              "parameters" : {
                "isExclusive" : false,
                "max" : 2.147483647E9
              }
            },
            "min" : {
              "errorMessage" : "The value must be at least -2147483648.",
              "parameters" : {
                "isExclusive" : false,
                "min" : -2.147483648E9
              }
            }
          }
        }
      }, {
        "type" : "Control",
        "scope" : "#/properties/model/properties/flowVariableName",
        "options" : {
          "validation" : {
            "pattern" : {
              "errorMessage" : "Value must start and end with a letter, and may contain only letters, digits, and single dashes.",
              "parameters" : {
                "pattern" : "[A-Za-z]((?:[A-Za-z0-9]|-(?=[A-Za-z0-9]))*[A-Za-z])?"
              }
            }
          }
        }
      } ]
    }, {
      "label" : "Advanced Settings",
      "type" : "Section",
      "options" : {
        "isAdvanced" : true
      },
      "elements" : [ {
        "type" : "Control",
        "scope" : "#/properties/model/properties/parameterName",
        "options" : {
          "validation" : {
            "pattern" : {
              "errorMessage" : "Value must start and end with a letter, and may contain only letters, digits, and single dashes.",
              "parameters" : {
                "pattern" : "[A-Za-z]((?:[A-Za-z0-9]|-(?=[A-Za-z0-9]))*[A-Za-z])?"
              }
            }
          },
          "isAdvanced" : true
        }
      }, {
        "type" : "Control",
        "scope" : "#/properties/model/properties/hideInDialog",
        "options" : {
          "format" : "checkbox",
          "isAdvanced" : true
        }
      } ]
    } ]
  },
  "persist" : {
    "type" : "object",
    "properties" : {
      "model" : {
        "type" : "object",
        "properties" : {
          "label" : { },
          "description" : { },
          "flowVariableName" : { },
          "parameterName" : { },
          "hideInDialog" : { },
          "required" : { },
          "integerNodeParameters" : {
            "type" : "object",
            "properties" : {
              "overwrittenByValueMessage" : { },
              "defaultValue" : {
                "type" : "object",
                "properties" : {
                  "integer" : { }
                }
              },
              "minimumValue" : {
                "configPaths" : [ [ "useMin" ], [ "min" ] ]
              },
              "maximumValue" : {
                "configPaths" : [ [ "useMax" ], [ "max" ] ]
              }
            },
            "propertiesRoute" : [ ".." ]
          }
        }
      }
    }
  },
  "initialUpdates" : [ {
    "scope" : "#/properties/model/properties/integerNodeParameters/properties/maximumValue",
    "providedOptionName" : "default",
    "values" : [ {
      "indices" : [ ],
      "value" : 100
    } ]
  } ],
  "globalUpdates" : [ {
    "trigger" : {
      "id" : "after-open-dialog"
    },
    "triggerInitially" : true,
    "dependencies" : [ ]
  }, {
    "trigger" : {
      "scope" : "#/properties/model/properties/flowVariableName"
    },
    "dependencies" : [ "#/properties/model/properties/flowVariableName" ]
  } ]
}