{
  "data" : {
    "model" : {
      "label" : "Label",
      "description" : "Enter Description",
      "flowVariableName" : "value-selection",
      "hideInWizard" : false,
      "customCSS" : "",
      "required" : true,
      "triggerReExecution" : false,
      "valueSelectionNodeParameters" : {
        "defaultValue" : {
          "defaultColumn" : "",
          "defaultValue" : ""
        },
        "columnType" : "All",
        "limitVisOptions" : {
          "selectionType" : "Dropdown",
          "limitVisibleOptions" : {
            "limitNumberOfVisibleOptions" : false,
            "numberOfVisibleOptions" : 10
          }
        },
        "enableColumnField" : true,
        "possibleValues" : { }
      }
    }
  },
  "schema" : {
    "type" : "object",
    "properties" : {
      "model" : {
        "type" : "object",
        "properties" : {
          "customCSS" : {
            "type" : "string",
            "default" : ""
          },
          "description" : {
            "type" : "string",
            "title" : "Description",
            "description" : "Some lines of description that will be shown in the view, for instance by means of a tooltip.",
            "default" : "Enter Description"
          },
          "flowVariableName" : {
            "type" : "string",
            "title" : "Variable name",
            "description" : "The name of the exported flow variable.",
            "default" : "value-selection"
          },
          "hideInWizard" : {
            "type" : "boolean",
            "default" : false
          },
          "label" : {
            "type" : "string",
            "title" : "Label",
            "description" : "A descriptive label that will be shown in the view.",
            "default" : "Label"
          },
          "required" : {
            "type" : "boolean",
            "default" : true
          },
          "triggerReExecution" : {
            "type" : "boolean",
            "title" : "Re-execution on widget value change",
            "description" : "If selected, the widget emits reactivity events that trigger the re-execution of downstream nodes in a component composite view when its value changes. It allows users to create interactive Data Apps and visualizations.",
            "default" : false
          },
          "valueSelectionNodeParameters" : {
            "type" : "object",
            "properties" : {
              "columnType" : {
                "oneOf" : [ {
                  "const" : "All",
                  "title" : "All"
                }, {
                  "const" : "String",
                  "title" : "String"
                }, {
                  "const" : "Integer",
                  "title" : "Integer"
                }, {
                  "const" : "Double",
                  "title" : "Double"
                } ],
                "default" : "All"
              },
              "defaultValue" : {
                "type" : "object",
                "properties" : {
                  "defaultColumn" : {
                    "type" : "string",
                    "title" : "Default column",
                    "description" : "The column containing the values."
                  },
                  "defaultValue" : {
                    "type" : "string",
                    "title" : "Default value",
                    "description" : "The value that is selected by default."
                  },
                  "noColumnsAvailableMessage" : {
                    "type" : "object"
                  }
                },
                "default" : { }
              },
              "enableColumnField" : {
                "type" : "boolean",
                "title" : "Enable column field",
                "description" : "When checked, the column field is shown and a column can be selected, else the field is not shown and the <i>Default column</i> will be used.",
                "default" : true
              },
              "limitVisOptions" : {
                "type" : "object",
                "properties" : {
                  "limitVisibleOptions" : {
                    "type" : "object",
                    "properties" : {
                      "limitNumberOfVisibleOptions" : {
                        "type" : "boolean",
                        "title" : "Limit number of visible options",
                        "description" : "By default the List component adjusts its height to display all possible choices without a scroll bar. If the setting is enabled, you will be able to limit the number of visible options in case you have too many of them. The setting is available only for List selection type.",
                        "default" : false
                      },
                      "numberOfVisibleOptions" : {
                        "type" : "integer",
                        "format" : "int32",
                        "title" : "Number of visible options",
                        "description" : "A number of options visible in the List component without a vertical scroll bar. Changing this value will also affect the component's height. The setting is available only for List selection type.",
                        "default" : 5
                      }
                    },
                    "default" : {
                      "limitNumberOfVisibleOptions" : false,
                      "numberOfVisibleOptions" : 5
                    }
                  },
                  "selectionType" : {
                    "type" : "string",
                    "title" : "Selection type",
                    "description" : "The type of the selection element. This can be either radio buttons with a vertical or horizontal layout, a list or a dropdown selection.",
                    "default" : "Dropdown"
                  }
                },
                "default" : {
                  "selectionType" : "Dropdown",
                  "limitVisibleOptions" : {
                    "limitNumberOfVisibleOptions" : false,
                    "numberOfVisibleOptions" : 5
                  }
                }
              },
              "overwrittenByValueMessage" : {
                "type" : "object"
              },
              "possibleValues" : {
                "type" : "object",
                "default" : { }
              }
            },
            "default" : {
              "defaultValue" : { },
              "columnType" : "All",
              "limitVisOptions" : {
                "selectionType" : "Dropdown",
                "limitVisibleOptions" : {
                  "limitNumberOfVisibleOptions" : false,
                  "numberOfVisibleOptions" : 5
                }
              },
              "enableColumnField" : true,
              "possibleValues" : { }
            }
          }
        }
      }
    }
  },
  "ui_schema" : {
    "elements" : [ {
      "label" : "Form Field",
      "type" : "Section",
      "elements" : [ {
        "type" : "Control",
        "scope" : "#/properties/model/properties/label"
      }, {
        "type" : "Control",
        "scope" : "#/properties/model/properties/description"
      }, {
        "type" : "Control",
        "scope" : "#/properties/model/properties/valueSelectionNodeParameters/properties/limitVisOptions/properties/selectionType",
        "options" : {
          "format" : "dropDown"
        },
        "providedOptions" : [ "possibleValues" ]
      }, {
        "type" : "Control",
        "scope" : "#/properties/model/properties/valueSelectionNodeParameters/properties/limitVisOptions/properties/limitVisibleOptions/properties/limitNumberOfVisibleOptions",
        "options" : {
          "format" : "checkbox"
        },
        "rule" : {
          "effect" : "SHOW",
          "condition" : {
            "scope" : "#/properties/model/properties/valueSelectionNodeParameters/properties/limitVisOptions/properties/selectionType",
            "schema" : {
              "const" : "List"
            }
          }
        }
      }, {
        "type" : "Control",
        "scope" : "#/properties/model/properties/valueSelectionNodeParameters/properties/limitVisOptions/properties/limitVisibleOptions/properties/numberOfVisibleOptions",
        "options" : {
          "validation" : {
            "max" : {
              "errorMessage" : "The value must not exceed 2147483647.",
              "parameters" : {
                "isExclusive" : false,
                "max" : 2.147483647E9
              }
            },
            "min" : {
              "errorMessage" : "The value must be at least 2.",
              "parameters" : {
                "isExclusive" : false,
                "min" : 2.0
              }
            }
          }
        },
        "rule" : {
          "effect" : "SHOW",
          "condition" : {
            "type" : "AND",
            "conditions" : [ {
              "scope" : "#/properties/model/properties/valueSelectionNodeParameters/properties/limitVisOptions/properties/limitVisibleOptions/properties/limitNumberOfVisibleOptions",
              "schema" : {
                "const" : true
              }
            }, {
              "scope" : "#/properties/model/properties/valueSelectionNodeParameters/properties/limitVisOptions/properties/selectionType",
              "schema" : {
                "const" : "List"
              }
            } ]
          }
        }
      }, {
        "type" : "Control",
        "scope" : "#/properties/model/properties/valueSelectionNodeParameters/properties/enableColumnField",
        "options" : {
          "format" : "checkbox"
        }
      } ]
    }, {
      "label" : "Output",
      "type" : "Section",
      "elements" : [ {
        "type" : "Control",
        "id" : "#/properties/model/properties/valueSelectionNodeParameters/properties/overwrittenByValueMessage",
        "options" : {
          "format" : "textMessage"
        },
        "providedOptions" : [ "message" ]
      }, {
        "type" : "Control",
        "id" : "#/properties/model/properties/valueSelectionNodeParameters/properties/defaultValue/properties/noColumnsAvailableMessage",
        "options" : {
          "format" : "textMessage"
        },
        "providedOptions" : [ "message" ]
      }, {
        "type" : "Control",
        "scope" : "#/properties/model/properties/valueSelectionNodeParameters/properties/defaultValue/properties/defaultColumn",
        "options" : {
          "format" : "dropDown"
        },
        "providedOptions" : [ "possibleValues" ]
      }, {
        "type" : "Control",
        "scope" : "#/properties/model/properties/valueSelectionNodeParameters/properties/defaultValue/properties/defaultValue",
        "options" : {
          "format" : "dropDown"
        },
        "providedOptions" : [ "possibleValues" ]
      }, {
        "type" : "Control",
        "scope" : "#/properties/model/properties/flowVariableName",
        "options" : {
          "validation" : {
            "pattern" : {
              "errorMessage" : "The string must start and end with a non-whitespace character.",
              "parameters" : {
                "pattern" : "\\S(.*\\S)?"
              }
            }
          }
        }
      } ]
    }, {
      "label" : "Re-execution",
      "type" : "Section",
      "elements" : [ {
        "type" : "Control",
        "scope" : "#/properties/model/properties/triggerReExecution",
        "options" : {
          "format" : "checkbox"
        }
      } ]
    } ]
  },
  "persist" : {
    "type" : "object",
    "properties" : {
      "model" : {
        "type" : "object",
        "properties" : {
          "label" : { },
          "description" : { },
          "flowVariableName" : { },
          "hideInWizard" : { },
          "customCSS" : { },
          "required" : { },
          "triggerReExecution" : {
            "configKey" : "trigger_reexecution"
          },
          "valueSelectionNodeParameters" : {
            "type" : "object",
            "properties" : {
              "overwrittenByValueMessage" : { },
              "defaultValue" : {
                "type" : "object",
                "properties" : {
                  "noColumnsAvailableMessage" : { },
                  "defaultColumn" : {
                    "configKey" : "column"
                  },
                  "defaultValue" : {
                    "configKey" : "value"
                  }
                }
              },
              "columnType" : {
                "configKey" : "columnType"
              },
              "limitVisOptions" : {
                "type" : "object",
                "properties" : {
                  "selectionType" : {
                    "configKey" : "type"
                  },
                  "limitVisibleOptions" : {
                    "type" : "object",
                    "properties" : {
                      "limitNumberOfVisibleOptions" : {
                        "configKey" : "limit_number_visible_options"
                      },
                      "numberOfVisibleOptions" : {
                        "configKey" : "number_visible_options"
                      }
                    },
                    "propertiesRoute" : [ ".." ]
                  }
                },
                "propertiesRoute" : [ ".." ]
              },
              "enableColumnField" : {
                "configPaths" : [ [ "lockColumn" ] ]
              },
              "possibleValues" : {
                "configPaths" : [ ]
              }
            },
            "propertiesRoute" : [ ".." ]
          }
        }
      }
    }
  },
  "initialUpdates" : [ {
    "scope" : "#/properties/model/properties/valueSelectionNodeParameters/properties/defaultValue/properties/defaultColumn",
    "values" : [ {
      "indices" : [ ],
      "value" : "Test"
    } ]
  }, {
    "scope" : "#/properties/model/properties/valueSelectionNodeParameters/properties/defaultValue/properties/defaultColumn",
    "providedOptionName" : "possibleValues",
    "values" : [ {
      "indices" : [ ],
      "value" : [ {
        "id" : "Test",
        "text" : "Test",
        "type" : {
          "id" : "org.knime.core.data.StringValue",
          "text" : "String"
        }
      } ]
    } ]
  }, {
    "scope" : "#/properties/model/properties/valueSelectionNodeParameters/properties/defaultValue/properties/defaultValue",
    "values" : [ {
      "indices" : [ ],
      "value" : null
    } ]
  }, {
    "scope" : "#/properties/model/properties/valueSelectionNodeParameters/properties/defaultValue/properties/defaultValue",
    "providedOptionName" : "possibleValues",
    "values" : [ {
      "indices" : [ ],
      "value" : [ ]
    } ]
  }, {
    "scope" : "#/properties/model/properties/valueSelectionNodeParameters/properties/limitVisOptions/properties/selectionType",
    "providedOptionName" : "possibleValues",
    "values" : [ {
      "indices" : [ ],
      "value" : [ {
        "id" : "Radio buttons (horizontal)",
        "text" : "Radio buttons (horizontal)"
      }, {
        "id" : "Radio buttons (vertical)",
        "text" : "Radio buttons (vertical)"
      }, {
        "id" : "List",
        "text" : "List"
      }, {
        "id" : "Dropdown",
        "text" : "Dropdown"
      } ]
    } ]
  }, {
    "scope" : "#/properties/model/properties/valueSelectionNodeParameters/properties/possibleValues",
    "values" : [ {
      "indices" : [ ],
      "value" : {
        "Test" : [ "0", "1", "2", "3", "4", "5", "6", "7", "8", "9", "10", "11", "12", "13", "14", "15", "16", "17", "18", "19" ]
      }
    } ]
  }, {
    "id" : "#/properties/model/properties/valueSelectionNodeParameters/properties/defaultValue/properties/noColumnsAvailableMessage",
    "providedOptionName" : "message",
    "values" : [ {
      "indices" : [ ],
      "value" : null
    } ]
  } ],
  "globalUpdates" : [ {
    "trigger" : {
      "id" : "after-open-dialog"
    },
    "triggerInitially" : true,
    "dependencies" : [ "#/properties/model/properties/valueSelectionNodeParameters/properties/columnType", "#/properties/model/properties/valueSelectionNodeParameters/properties/defaultValue/properties/defaultColumn", "#/properties/model/properties/valueSelectionNodeParameters/properties/defaultValue/properties/defaultValue", "#/properties/model/properties/valueSelectionNodeParameters/properties/enableColumnField" ]
  }, {
    "trigger" : {
      "scope" : "#/properties/model/properties/valueSelectionNodeParameters/properties/defaultValue/properties/defaultColumn"
    },
    "dependencies" : [ "#/properties/model/properties/valueSelectionNodeParameters/properties/columnType", "#/properties/model/properties/valueSelectionNodeParameters/properties/defaultValue/properties/defaultColumn", "#/properties/model/properties/valueSelectionNodeParameters/properties/defaultValue/properties/defaultValue" ]
  }, {
    "trigger" : {
      "scope" : "#/properties/model/properties/valueSelectionNodeParameters/properties/enableColumnField"
    },
    "dependencies" : [ "#/properties/model/properties/valueSelectionNodeParameters/properties/enableColumnField" ]
  } ]
}