{
  "data" : {
    "model" : {
      "label" : "Label",
      "description" : "Enter Description",
      "flowVariableName" : "value-selection",
      "parameterName" : "value-selection",
      "hideInDialog" : false,
      "required" : true,
      "defaultValue" : { },
      "columnType" : "All",
      "limitVisOptions" : {
        "selectionType" : "Dropdown",
        "limitVisibleOptions" : {
          "limitNumberOfVisibleOptions" : false,
          "numberOfVisibleOptions" : 5
        }
      },
      "enableColumnField" : true,
      "possibleValues" : { }
    }
  },
  "schema" : {
    "type" : "object",
    "properties" : {
      "model" : {
        "type" : "object",
        "properties" : {
          "columnType" : {
            "oneOf" : [ {
              "const" : "All",
              "title" : "All"
            }, {
              "const" : "String",
              "title" : "String"
            }, {
              "const" : "Integer",
              "title" : "Integer"
            }, {
              "const" : "Double",
              "title" : "Double"
            } ],
            "default" : "All"
          },
          "defaultValue" : {
            "type" : "object",
            "properties" : {
              "defaultColumn" : {
                "type" : "string",
                "title" : "Default column",
                "description" : "The column containing the values."
              },
              "defaultValue" : {
                "type" : "string",
                "title" : "Default value",
                "description" : "The value that is selected by default."
              },
              "noColumnsAvailableMessage" : {
                "type" : "object"
              }
            },
            "default" : { }
          },
          "description" : {
            "type" : "string",
            "title" : "Description",
            "description" : "Some lines of description that will be shown for instance in the node description of the component exposing a dialog.",
            "default" : "Enter Description"
          },
          "enableColumnField" : {
            "type" : "boolean",
            "title" : "Enable column field",
            "description" : "When checked, the column field is shown and a column can be selected, else the field is not shown and the <i>Default column</i> will be used.",
            "default" : true
          },
          "flowVariableName" : {
            "type" : "string",
            "title" : "Output variable name",
            "description" : "Parameter identifier for external parameterization (e.g. batch execution).\nThis will also be the name of the exported flow variable.\n",
            "default" : "value-selection"
          },
          "hideInDialog" : {
            "type" : "boolean",
            "title" : "Hide in dialog",
            "description" : "Set this to true to hide this field in a component dialog.\n",
            "default" : false
          },
          "label" : {
            "type" : "string",
            "title" : "Label",
            "description" : "A descriptive label that will be shown for instance in the node description of the component exposing a dialog.",
            "default" : "Label"
          },
          "limitVisOptions" : {
            "type" : "object",
            "properties" : {
              "limitVisibleOptions" : {
                "type" : "object",
                "properties" : {
                  "limitNumberOfVisibleOptions" : {
                    "type" : "boolean",
                    "title" : "Limit number of visible options",
                    "description" : "By default the List component adjusts its height to display all possible choices without a scroll bar. If the setting is enabled, you will be able to limit the number of visible options in case you have too many of them. The setting is available only for List selection type.",
                    "default" : false
                  },
                  "numberOfVisibleOptions" : {
                    "type" : "integer",
                    "format" : "int32",
                    "title" : "Number of visible options",
                    "description" : "A number of options visible in the List component without a vertical scroll bar. Changing this value will also affect the component's height. The setting is available only for List selection type.",
                    "default" : 5
                  }
                },
                "default" : {
                  "limitNumberOfVisibleOptions" : false,
                  "numberOfVisibleOptions" : 5
                }
              },
              "selectionType" : {
                "type" : "string",
                "title" : "Selection type",
                "description" : "The type of the selection element. This can be either radio buttons with a vertical or horizontal layout, a list or a dropdown selection.",
                "default" : "Dropdown"
              }
            },
            "default" : {
              "selectionType" : "Dropdown",
              "limitVisibleOptions" : {
                "limitNumberOfVisibleOptions" : false,
                "numberOfVisibleOptions" : 5
              }
            }
          },
          "overwrittenByValueMessage" : {
            "type" : "object"
          },
          "parameterName" : {
            "type" : "string",
            "title" : "Parameter name",
            "description" : "Parameter identifier for external parameterization (e.g. batch execution). Whenever the output variable name is adjusted, the current value of the parameter name is set to the same value.",
            "default" : "value-selection"
          },
          "possibleValues" : {
            "type" : "object",
            "default" : { }
          },
          "required" : {
            "type" : "boolean",
            "default" : true
          }
        }
      }
    }
  },
  "ui_schema" : {
    "elements" : [ {
      "label" : "Form Field",
      "type" : "Section",
      "elements" : [ {
        "type" : "Control",
        "scope" : "#/properties/model/properties/label"
      }, {
        "type" : "Control",
        "scope" : "#/properties/model/properties/description"
      }, {
        "type" : "Control",
        "scope" : "#/properties/model/properties/limitVisOptions/properties/selectionType",
        "options" : {
          "format" : "dropDown"
        },
        "providedOptions" : [ "possibleValues" ]
      }, {
        "type" : "Control",
        "scope" : "#/properties/model/properties/limitVisOptions/properties/limitVisibleOptions/properties/limitNumberOfVisibleOptions",
        "options" : {
          "format" : "checkbox"
        },
        "rule" : {
          "effect" : "SHOW",
          "condition" : {
            "scope" : "#/properties/model/properties/limitVisOptions/properties/selectionType",
            "schema" : {
              "const" : "List"
            }
          }
        }
      }, {
        "type" : "Control",
        "scope" : "#/properties/model/properties/limitVisOptions/properties/limitVisibleOptions/properties/numberOfVisibleOptions",
        "options" : {
          "validation" : {
            "max" : {
              "errorMessage" : "The value must not exceed 2147483647.",
              "parameters" : {
                "isExclusive" : false,
                "max" : 2.147483647E9
              }
            },
            "min" : {
              "errorMessage" : "The value must be at least 2.",
              "parameters" : {
                "isExclusive" : false,
                "min" : 2.0
              }
            }
          }
        },
        "rule" : {
          "effect" : "SHOW",
          "condition" : {
            "type" : "AND",
            "conditions" : [ {
              "scope" : "#/properties/model/properties/limitVisOptions/properties/limitVisibleOptions/properties/limitNumberOfVisibleOptions",
              "schema" : {
                "const" : true
              }
            }, {
              "scope" : "#/properties/model/properties/limitVisOptions/properties/selectionType",
              "schema" : {
                "const" : "List"
              }
            } ]
          }
        }
      }, {
        "type" : "Control",
        "scope" : "#/properties/model/properties/enableColumnField",
        "options" : {
          "format" : "checkbox"
        }
      } ]
    }, {
      "label" : "Output",
      "type" : "Section",
      "elements" : [ {
        "type" : "Control",
        "id" : "#/properties/model/properties/overwrittenByValueMessage",
        "options" : {
          "format" : "textMessage"
        },
        "providedOptions" : [ "message" ]
      }, {
        "type" : "Control",
        "id" : "#/properties/model/properties/defaultValue/properties/noColumnsAvailableMessage",
        "options" : {
          "format" : "textMessage"
        },
        "providedOptions" : [ "message" ]
      }, {
        "type" : "Control",
        "scope" : "#/properties/model/properties/defaultValue/properties/defaultColumn",
        "options" : {
          "format" : "dropDown"
        },
        "providedOptions" : [ "possibleValues" ]
      }, {
        "type" : "Control",
        "scope" : "#/properties/model/properties/defaultValue/properties/defaultValue",
        "options" : {
          "format" : "dropDown"
        },
        "providedOptions" : [ "possibleValues" ]
      }, {
        "type" : "Control",
        "scope" : "#/properties/model/properties/flowVariableName",
        "options" : {
          "validation" : {
            "pattern" : {
              "errorMessage" : "Value must start and end with a letter, and may contain only letters, digits, and single dashes.",
              "parameters" : {
                "pattern" : "[A-Za-z]((?:[A-Za-z0-9]|-(?=[A-Za-z0-9]))*[A-Za-z])?"
              }
            }
          }
        }
      } ]
    }, {
      "label" : "Advanced Settings",
      "type" : "Section",
      "options" : {
        "isAdvanced" : true
      },
      "elements" : [ {
        "type" : "Control",
        "scope" : "#/properties/model/properties/parameterName",
        "options" : {
          "validation" : {
            "pattern" : {
              "errorMessage" : "Value must start and end with a letter, and may contain only letters, digits, and single dashes.",
              "parameters" : {
                "pattern" : "[A-Za-z]((?:[A-Za-z0-9]|-(?=[A-Za-z0-9]))*[A-Za-z])?"
              }
            }
          },
          "isAdvanced" : true
        }
      }, {
        "type" : "Control",
        "scope" : "#/properties/model/properties/hideInDialog",
        "options" : {
          "format" : "checkbox",
          "isAdvanced" : true
        }
      } ]
    } ]
  },
  "persist" : {
    "type" : "object",
    "properties" : {
      "model" : {
        "type" : "object",
        "properties" : {
          "label" : { },
          "description" : { },
          "flowVariableName" : { },
          "parameterName" : { },
          "hideInDialog" : { },
          "required" : { },
          "overwrittenByValueMessage" : { },
          "defaultValue" : {
            "type" : "object",
            "properties" : {
              "noColumnsAvailableMessage" : { },
              "defaultColumn" : {
                "configKey" : "column"
              },
              "defaultValue" : {
                "configKey" : "value"
              }
            }
          },
          "columnType" : {
            "configKey" : "columnType"
          },
          "limitVisOptions" : {
            "type" : "object",
            "properties" : {
              "selectionType" : {
                "configKey" : "type"
              },
              "limitVisibleOptions" : {
                "type" : "object",
                "properties" : {
                  "limitNumberOfVisibleOptions" : {
                    "configKey" : "limit_number_visible_options"
                  },
                  "numberOfVisibleOptions" : {
                    "configKey" : "number_visible_options"
                  }
                },
                "propertiesRoute" : [ ".." ]
              }
            },
            "propertiesRoute" : [ ".." ]
          },
          "enableColumnField" : {
            "configPaths" : [ [ "lockColumn" ] ]
          },
          "possibleValues" : {
            "configPaths" : [ ]
          }
        }
      }
    }
  },
  "initialUpdates" : [ {
    "scope" : "#/properties/model/properties/defaultValue/properties/defaultColumn",
    "values" : [ {
      "indices" : [ ],
      "value" : ""
    } ]
  }, {
    "scope" : "#/properties/model/properties/defaultValue/properties/defaultColumn",
    "providedOptionName" : "possibleValues",
    "values" : [ {
      "indices" : [ ],
      "value" : [ ]
    } ]
  }, {
    "scope" : "#/properties/model/properties/defaultValue/properties/defaultValue",
    "values" : [ {
      "indices" : [ ],
      "value" : null
    } ]
  }, {
    "scope" : "#/properties/model/properties/defaultValue/properties/defaultValue",
    "providedOptionName" : "possibleValues",
    "values" : [ {
      "indices" : [ ],
      "value" : [ ]
    } ]
  }, {
    "scope" : "#/properties/model/properties/limitVisOptions/properties/selectionType",
    "providedOptionName" : "possibleValues",
    "values" : [ {
      "indices" : [ ],
      "value" : [ {
        "id" : "Radio buttons (horizontal)",
        "text" : "Radio buttons (horizontal)"
      }, {
        "id" : "Radio buttons (vertical)",
        "text" : "Radio buttons (vertical)"
      }, {
        "id" : "List",
        "text" : "List"
      }, {
        "id" : "Dropdown",
        "text" : "Dropdown"
      } ]
    } ]
  }, {
    "scope" : "#/properties/model/properties/possibleValues",
    "values" : [ {
      "indices" : [ ],
      "value" : { }
    } ]
  }, {
    "id" : "#/properties/model/properties/defaultValue/properties/noColumnsAvailableMessage",
    "providedOptionName" : "message",
    "values" : [ {
      "indices" : [ ],
      "value" : {
        "title" : "No domain information available.",
        "description" : "Add nominal domain information to any column.",
        "type" : "WARNING"
      }
    } ]
  } ],
  "globalUpdates" : [ {
    "trigger" : {
      "id" : "after-open-dialog"
    },
    "triggerInitially" : true,
    "dependencies" : [ "#/properties/model/properties/columnType", "#/properties/model/properties/defaultValue/properties/defaultColumn", "#/properties/model/properties/defaultValue/properties/defaultValue", "#/properties/model/properties/enableColumnField" ]
  }, {
    "trigger" : {
      "scope" : "#/properties/model/properties/defaultValue/properties/defaultColumn"
    },
    "dependencies" : [ "#/properties/model/properties/columnType", "#/properties/model/properties/defaultValue/properties/defaultColumn", "#/properties/model/properties/defaultValue/properties/defaultValue" ]
  }, {
    "trigger" : {
      "scope" : "#/properties/model/properties/enableColumnField"
    },
    "dependencies" : [ "#/properties/model/properties/enableColumnField" ]
  }, {
    "trigger" : {
      "scope" : "#/properties/model/properties/flowVariableName"
    },
    "dependencies" : [ "#/properties/model/properties/flowVariableName" ]
  } ]
}