<?xml version="1.0" encoding="UTF-8"?>
<config xmlns="http://www.knime.org/2008/09/XMLConfig" xmlns:xsi="http://www.w3.org/2001/XMLSchema-instance" xsi:schemaLocation="http://www.knime.org/2008/09/XMLConfig http://www.knime.org/XMLConfig_2008_09.xsd" key="test">
    <entry key="label" type="xstring" value="Label"/>
    <entry key="description" type="xstring" value="Enter Description"/>
    <entry key="flowVariableName" type="xstring" value="string-input"/>
    <entry key="hideInWizard" type="xboolean" value="false"/>
    <entry key="customCSS" type="xstring" value=""/>
    <entry key="required" type="xboolean" value="true"/>
    <config key="defaultValue">
        <entry key="string" type="xstring" value="abc"/>
    </config>
    <entry key="editorType" type="xstring" value="Single-line"/>
    <entry key="multilineEditorWidth" type="xint" value="20"/>
    <entry key="multilineEditorHeight" type="xint" value="4"/>
    <entry key="regex" type="xstring" value="[a-z]{3}"/>
    <entry key="error_message" type="xstring" value="The value (?) must match [a-z]{3}."/>
</config>
