{
  "data" : {
    "model" : {
      "label" : "Label",
      "description" : "Enter Description",
      "flowVariableName" : "multiple-selection",
      "parameterName" : "multiple-selection",
      "hideInDialog" : false,
      "required" : true,
      "defaultValue" : {
        "variableValue" : [ "b", "c" ]
      },
      "selectionType" : "List",
      "limitNumberOfVisibleOptions" : true,
      "numberOfVisibleOptions" : 3,
      "possibleChoices" : "a\nb\nc"
    }
  },
  "schema" : {
    "type" : "object",
    "properties" : {
      "model" : {
        "type" : "object",
        "properties" : {
          "defaultValue" : {
            "type" : "object",
            "properties" : {
              "variableValue" : {
                "type" : "array",
                "items" : {
                  "type" : "string"
                },
                "title" : "Default values",
                "description" : "Default values for the field. If you want to use values that are not among the possible choices as the default, override the field using a flow variable."
              }
            },
            "default" : { }
          },
          "description" : {
            "type" : "string",
            "title" : "Description",
            "description" : "Some lines of description that will be shown for instance in the node description of the component exposing a dialog.",
            "default" : "Enter Description"
          },
          "flowVariableName" : {
            "type" : "string",
            "title" : "Output variable name",
            "description" : "Parameter identifier for external parameterization (e.g. batch execution).\nThis will also be the name of the exported flow variable.\n",
            "default" : "multiple-selection"
          },
          "hideInDialog" : {
            "type" : "boolean",
            "title" : "Hide in dialog",
            "description" : "Set this to true to hide this field in a component dialog.\n",
            "default" : false
          },
          "label" : {
            "type" : "string",
            "title" : "Label",
            "description" : "A descriptive label that will be shown for instance in the node description of the component exposing a dialog.",
            "default" : "Label"
          },
          "limitNumberOfVisibleOptions" : {
            "type" : "boolean",
            "title" : "Limit number of visible options",
            "description" : "By default the List and Twinlist components adjust their height to display all possible choices without a\nscroll bar. If the setting is enabled, you will be able to limit the number of visible options in case you\nhave too many of them. The setting is available only for List or Twinlist selection type.\n",
            "default" : false
          },
          "numberOfVisibleOptions" : {
            "type" : "integer",
            "format" : "int32",
            "title" : "Number of visible options",
            "description" : "A number of options visible in the List or Twinlist component without a vertical scroll bar.\nChanging this value will also affect the component's height. Notice that for Twinlist the height cannot\nbe less than the overall height of the control buttons in the middle. The setting is available only for\nList or Twinlist selection type.\n",
            "default" : 5
          },
          "overwrittenByValueMessage" : {
            "type" : "object"
          },
          "parameterName" : {
            "type" : "string",
            "title" : "Parameter name",
            "description" : "Parameter identifier for external parameterization (e.g. batch execution). Whenever the output variable name is adjusted, the current value of the parameter name is set to the same value.",
            "default" : "multiple-selection"
          },
          "possibleChoices" : {
            "type" : "string",
            "title" : "Possible Choices",
            "description" : "The possible choices, each line is one possible value."
          },
          "required" : {
            "type" : "boolean",
            "default" : true
          },
          "selectionType" : {
            "type" : "string",
            "title" : "Selection type",
            "description" : "Type of the selection panel. This can be either checkboxes with a vertical or horizontal\nlayout, a list, a combobox, or a twinlist selection.\n",
            "default" : "Twinlist"
          }
        }
      }
    }
  },
  "ui_schema" : {
    "elements" : [ {
      "label" : "Form Field",
      "type" : "Section",
      "elements" : [ {
        "type" : "Control",
        "scope" : "#/properties/model/properties/label"
      }, {
        "type" : "Control",
        "scope" : "#/properties/model/properties/description"
      }, {
        "type" : "Control",
        "scope" : "#/properties/model/properties/selectionType",
        "options" : {
          "format" : "dropDown"
        },
        "providedOptions" : [ "possibleValues" ]
      }, {
        "type" : "Control",
        "scope" : "#/properties/model/properties/limitNumberOfVisibleOptions",
        "options" : {
          "format" : "checkbox"
        },
        "rule" : {
          "effect" : "SHOW",
          "condition" : {
            "type" : "OR",
            "conditions" : [ {
              "scope" : "#/properties/model/properties/selectionType",
              "schema" : {
                "const" : "List"
              }
            }, {
              "scope" : "#/properties/model/properties/selectionType",
              "schema" : {
                "const" : "Twinlist"
              }
            } ]
          }
        }
      }, {
        "type" : "Control",
        "scope" : "#/properties/model/properties/numberOfVisibleOptions",
        "options" : {
          "validation" : {
            "max" : {
              "errorMessage" : "The value must not exceed 2147483647.",
              "parameters" : {
                "isExclusive" : false,
                "max" : 2.147483647E9
              }
            },
            "min" : {
              "errorMessage" : "The value must be at least 2.",
              "parameters" : {
                "isExclusive" : false,
                "min" : 2.0
              }
            }
          }
        },
        "rule" : {
          "effect" : "SHOW",
          "condition" : {
            "type" : "AND",
            "conditions" : [ {
              "type" : "OR",
              "conditions" : [ {
                "scope" : "#/properties/model/properties/selectionType",
                "schema" : {
                  "const" : "List"
                }
              }, {
                "scope" : "#/properties/model/properties/selectionType",
                "schema" : {
                  "const" : "Twinlist"
                }
              } ]
            }, {
              "scope" : "#/properties/model/properties/limitNumberOfVisibleOptions",
              "schema" : {
                "const" : true
              }
            } ]
          }
        }
      }, {
        "type" : "Control",
        "scope" : "#/properties/model/properties/possibleChoices",
        "options" : {
          "rows" : 4,
          "format" : "textArea"
        }
      } ]
    }, {
      "label" : "Output",
      "type" : "Section",
      "elements" : [ {
        "type" : "Control",
        "id" : "#/properties/model/properties/overwrittenByValueMessage",
        "options" : {
          "format" : "textMessage"
        },
        "providedOptions" : [ "message" ]
      }, {
        "type" : "Control",
        "scope" : "#/properties/model/properties/defaultValue/properties/variableValue",
        "options" : {
          "format" : "twinList"
        },
        "providedOptions" : [ "possibleValues" ]
      }, {
        "type" : "Control",
        "scope" : "#/properties/model/properties/flowVariableName"
      } ]
    }, {
      "label" : "Advanced Settings",
      "type" : "Section",
      "options" : {
        "isAdvanced" : true
      },
      "elements" : [ {
        "type" : "Control",
        "scope" : "#/properties/model/properties/parameterName",
        "options" : {
          "isAdvanced" : true
        }
      }, {
        "type" : "Control",
        "scope" : "#/properties/model/properties/hideInDialog",
        "options" : {
          "format" : "checkbox",
          "isAdvanced" : true
        }
      } ]
    } ]
  },
  "persist" : {
    "type" : "object",
    "properties" : {
      "model" : {
        "type" : "object",
        "properties" : {
          "label" : { },
          "description" : { },
          "flowVariableName" : { },
          "parameterName" : { },
          "hideInDialog" : { },
          "required" : { },
          "overwrittenByValueMessage" : { },
          "defaultValue" : {
            "type" : "object",
            "properties" : {
              "variableValue" : {
                "configPaths" : [ [ "variable_value" ] ]
              }
            }
          },
          "selectionType" : {
            "configKey" : "type"
          },
          "limitNumberOfVisibleOptions" : {
            "configKey" : "limit_number_visible_options"
          },
          "numberOfVisibleOptions" : {
            "configKey" : "number_visible_options"
          },
          "possibleChoices" : {
            "configPaths" : [ [ "possible_choices" ] ]
          }
        }
      }
    }
  },
  "initialUpdates" : [ {
    "scope" : "#/properties/model/properties/defaultValue/properties/variableValue",
    "providedOptionName" : "possibleValues",
    "values" : [ {
      "indices" : [ ],
      "value" : [ {
        "id" : "a",
        "text" : "a"
      }, {
        "id" : "b",
        "text" : "b"
      }, {
        "id" : "c",
        "text" : "c"
      } ]
    } ]
  }, {
    "scope" : "#/properties/model/properties/selectionType",
    "providedOptionName" : "possibleValues",
    "values" : [ {
      "indices" : [ ],
      "value" : [ {
        "id" : "Check boxes (horizontal)",
        "text" : "Check boxes (horizontal)"
      }, {
        "id" : "Check boxes (vertical)",
        "text" : "Check boxes (vertical)"
      }, {
        "id" : "List",
        "text" : "List"
      }, {
        "id" : "Twinlist",
        "text" : "Twinlist"
      }, {
        "id" : "ComboBox",
        "text" : "ComboBox"
      } ]
    } ]
  } ],
  "globalUpdates" : [ {
    "trigger" : {
      "id" : "after-open-dialog"
    },
    "triggerInitially" : true,
    "dependencies" : [ "#/properties/model/properties/defaultValue/properties/variableValue", "#/properties/model/properties/possibleChoices" ]
  }, {
    "trigger" : {
      "scope" : "#/properties/model/properties/flowVariableName"
    },
    "dependencies" : [ "#/properties/model/properties/flowVariableName" ]
  }, {
    "trigger" : {
      "scope" : "#/properties/model/properties/possibleChoices"
    },
    "dependencies" : [ "#/properties/model/properties/defaultValue/properties/variableValue", "#/properties/model/properties/possibleChoices" ]
  } ]
}