{
  "data" : {
    "model" : {
      "label" : "Label",
      "description" : "Enter Description",
      "flowVariableName" : "string-input",
      "parameterName" : "string-input",
      "hideInDialog" : false,
      "required" : true,
      "defaultValue" : {
        "string" : ""
      },
      "editorType" : "SINGLE_LINE",
      "multilineEditorWidth" : 40,
      "multilineEditorHeight" : 5,
      "regex" : "",
      "errorMessage" : ""
    }
  },
  "schema" : {
    "type" : "object",
    "properties" : {
      "model" : {
        "type" : "object",
        "properties" : {
          "defaultValue" : {
            "type" : "object",
            "properties" : {
              "string" : {
                "type" : "string",
                "title" : "Default value",
                "description" : "Default value for the field. If empty, no default value will be set.",
                "default" : ""
              }
            },
            "default" : {
              "string" : ""
            }
          },
          "description" : {
            "type" : "string",
            "title" : "Description",
            "description" : "Some lines of description that will be shown for instance in the node description of the component exposing a dialog.",
            "default" : "Enter Description"
          },
          "editorType" : {
            "oneOf" : [ {
              "const" : "SINGLE_LINE",
              "title" : "Single-line"
            }, {
              "const" : "MULTI_LINE",
              "title" : "Multi-line"
            } ],
            "title" : "Field type",
            "description" : "Choose between single-line or multi-line text input.",
            "default" : "SINGLE_LINE"
          },
          "errorMessage" : {
            "type" : "string",
            "title" : "Failure message",
            "description" : "Message shown if the value is not valid.\n'?' will be replaced by the invalid value.\nSingle-line editor only.\nFailure messages corresponding to common regex patterns are as follows:\n<ul><li><b>Email address</b>: The given input '?' is not a valid email address</li><li><b>URL</b>: The given input '?' is not a valid URL</li><li><b>IPv4</b>: The given input '?' is not a valid IPv4 address</li><li><b>Windows file path</b>: The given input '?' is not a valid Windows path</li></ul>",
            "default" : ""
          },
          "flowVariableName" : {
            "type" : "string",
            "title" : "Output variable name",
            "description" : "Parameter identifier for external parameterization (e.g. batch execution).\nThis will also be the name of the exported flow variable.\n",
            "default" : "string-input"
          },
          "hideInDialog" : {
            "type" : "boolean",
            "title" : "Hide in dialog",
            "description" : "Set this to true to hide this field in a component dialog.\n",
            "default" : false
          },
          "label" : {
            "type" : "string",
            "title" : "Label",
            "description" : "A descriptive label that will be shown for instance in the node description of the component exposing a dialog.",
            "default" : "Label"
          },
          "multilineEditorHeight" : {
            "type" : "integer",
            "format" : "int32",
            "title" : "Field height",
            "description" : "Height of the editor in number of text lines. Multi-line editor only.",
            "default" : 5
          },
          "multilineEditorWidth" : {
            "type" : "integer",
            "format" : "int32",
            "title" : "Field width (legacy)",
            "description" : "The width of the editor in number of characters per line.",
            "default" : 40
          },
          "overwrittenByValueMessage" : {
            "type" : "object"
          },
          "parameterName" : {
            "type" : "string",
            "title" : "Parameter name",
            "description" : "Parameter identifier for external parameterization (e.g. batch execution). Whenever the output variable name is adjusted, the current value of the parameter name is set to the same value.",
            "default" : "string-input"
          },
          "regex" : {
            "type" : "string",
            "title" : "Regex pattern",
            "description" : "Regular expression defining valid values.\nSingle-line editor only.\nCommon regex patterns are as follows:\n<ul><li><b>Email address</b>: ^[0-9a-zA-Z]+([0-9a-zA-Z]*[-._+])*[0-9a-zA-Z]+@[0-9a-zA-Z]+([-.][0-9a-zA-Z]+)*([0-9a-zA-Z]*[.])[a-zA-Z]{2,6}$</li><li><b>URL</b>: ^((f|ht)tps?://(.*@)?|www\\.)[a-zA-Z0-9]([-_.a-zA-Z0-9]*[a-zA-Z0-9])?(:[0-9]+)?(/[^#?\\s]*)?(\\?[^#?\\s]*)?(#.*)?$</li><li><b>IPv4</b>: ^((25[0-5]|2[0-4][0-9]|[01]?[0-9][0-9]?)\\\\.){3}(25[0-5]|2[0-4][0-9]|[01]?[0-9][0-9]?)$</li><li><b>Windows file path</b>: ^((\\\\\\\\[a-zA-Z0-9-]+\\\\[a-zA-Z0-9`~!@#$%^&amp;(){}'._-]+([ ]+[a-zA-Z0-9`~!@#$%^&amp;(){}'._-]+)*)|([a-zA-Z]:))(\\\\[^ \\\\/:*?&quot;&quot;&lt;&gt;|]+([ ]+[^ \\\\/:*?&quot;&quot;&lt;&gt;|]+)*)*\\\\?$</li></ul>",
            "default" : ""
          },
          "required" : {
            "type" : "boolean",
            "default" : true
          }
        }
      }
    }
  },
  "ui_schema" : {
    "elements" : [ {
      "label" : "Form Field",
      "type" : "Section",
      "elements" : [ {
        "type" : "Control",
        "scope" : "#/properties/model/properties/label"
      }, {
        "type" : "Control",
        "scope" : "#/properties/model/properties/description"
      }, {
        "type" : "Control",
        "scope" : "#/properties/model/properties/editorType",
        "options" : {
          "format" : "valueSwitch"
        }
      }, {
        "type" : "Control",
        "scope" : "#/properties/model/properties/multilineEditorWidth",
        "options" : {
          "validation" : {
            "max" : {
              "errorMessage" : "The value must not exceed 2147483647.",
              "parameters" : {
                "isExclusive" : false,
                "max" : 2.147483647E9
              }
            },
            "min" : {
              "errorMessage" : "The value must be at least 1.",
              "parameters" : {
                "isExclusive" : false,
                "min" : 1.0
              }
            }
          },
          "isAdvanced" : true
        }
      }, {
        "type" : "Control",
        "scope" : "#/properties/model/properties/multilineEditorHeight",
        "options" : {
          "validation" : {
            "max" : {
              "errorMessage" : "The value must not exceed 2147483647.",
              "parameters" : {
                "isExclusive" : false,
                "max" : 2.147483647E9
              }
            },
            "min" : {
              "errorMessage" : "The value must be at least 1.",
              "parameters" : {
                "isExclusive" : false,
                "min" : 1.0
              }
            }
          }
        },
        "rule" : {
          "effect" : "SHOW",
          "condition" : {
            "scope" : "#/properties/model/properties/editorType",
            "schema" : {
              "oneOf" : [ {
                "const" : "MULTI_LINE"
              } ]
            }
          }
        }
      } ]
    }, {
      "label" : "Validation",
      "type" : "Section",
      "rule" : {
        "effect" : "SHOW",
        "condition" : {
          "scope" : "#/properties/model/properties/editorType",
          "schema" : {
            "oneOf" : [ {
              "const" : "SINGLE_LINE"
            } ]
          }
        }
      },
      "elements" : [ {
        "type" : "Control",
        "scope" : "#/properties/model/properties/regex"
      }, {
        "type" : "Control",
        "scope" : "#/properties/model/properties/errorMessage"
      } ]
    }, {
      "label" : "Output",
      "type" : "Section",
      "elements" : [ {
        "type" : "Control",
        "id" : "#/properties/model/properties/overwrittenByValueMessage",
        "options" : {
          "format" : "textMessage"
        },
        "providedOptions" : [ "message" ]
      }, {
        "type" : "Control",
        "scope" : "#/properties/model/properties/defaultValue/properties/string"
      }, {
        "type" : "Control",
        "scope" : "#/properties/model/properties/flowVariableName",
        "options" : {
          "validation" : {
            "pattern" : {
              "errorMessage" : "Value must start and end with a letter, and may contain only letters, digits, and single dashes.",
              "parameters" : {
                "pattern" : "[A-Za-z]((?:[A-Za-z0-9]|-(?=[A-Za-z0-9]))*[A-Za-z])?"
              }
            }
          }
        }
      } ]
    }, {
      "label" : "Advanced Settings",
      "type" : "Section",
      "options" : {
        "isAdvanced" : true
      },
      "elements" : [ {
        "type" : "Control",
        "scope" : "#/properties/model/properties/parameterName",
        "options" : {
          "validation" : {
            "pattern" : {
              "errorMessage" : "Value must start and end with a letter, and may contain only letters, digits, and single dashes.",
              "parameters" : {
                "pattern" : "[A-Za-z]((?:[A-Za-z0-9]|-(?=[A-Za-z0-9]))*[A-Za-z])?"
              }
            }
          },
          "isAdvanced" : true
        }
      }, {
        "type" : "Control",
        "scope" : "#/properties/model/properties/hideInDialog",
        "options" : {
          "format" : "checkbox",
          "isAdvanced" : true
        }
      } ]
    } ]
  },
  "persist" : {
    "type" : "object",
    "properties" : {
      "model" : {
        "type" : "object",
        "properties" : {
          "label" : { },
          "description" : { },
          "flowVariableName" : { },
          "parameterName" : { },
          "hideInDialog" : { },
          "required" : { },
          "overwrittenByValueMessage" : { },
          "defaultValue" : {
            "type" : "object",
            "properties" : {
              "string" : { }
            }
          },
          "editorType" : {
            "configPaths" : [ [ "editorType" ] ]
          },
          "multilineEditorWidth" : { },
          "multilineEditorHeight" : { },
          "regex" : { },
          "errorMessage" : {
            "configKey" : "error_message"
          }
        }
      }
    }
  },
  "globalUpdates" : [ {
    "trigger" : {
      "id" : "after-open-dialog"
    },
    "triggerInitially" : true,
    "dependencies" : [ ]
  }, {
    "trigger" : {
      "scope" : "#/properties/model/properties/flowVariableName"
    },
    "dependencies" : [ "#/properties/model/properties/flowVariableName" ]
  } ]
}